{
 "acceptance_hardening": {
  "folio_module_judged_ok": 27,
  "target_set_judged_ok": 387,
  "zero_skip_required_and_met": true
 },
 "diagnosis_a": {
  "root_cause": "empty GIT_CONFIG_VALUE_0 (shell) x patch.dict(os.environ) restore (Windows kernel env block loses empty values) x env=None inheritance -> git rc=128 -> disguised skip",
  "fixed_at_loader": true,
  "research_discover_skips_now": 0
 },
 "diagnosis_b": {
  "reproduced": false,
  "attempts": {
   "identical_invocation_clean": 60,
   "three_way_parallel": 18,
   "under_8gb_memory_pressure": 6,
   "anomalies": 0
  },
  "forensics_built_in": true
 },
 "full_slice": {
  "research_tests": 1270,
  "research_failure_headers": 29,
  "research_failure_set_matches_baseline": true,
  "research_skips": 0,
  "contracts_tests": 116,
  "contracts_failure_headers": 1,
  "contracts_failure_set_matches_baseline": true,
  "contracts_skips": 0
 },
 "parser_version": "route_pdf_groups/v3",
 "real_documents_identical_under_both_parsers": {
  "wu2025_si": true,
  "a01": true
 },
 "r13_archives_pin_no_version": true,
 "si_blocks": 1041,
 "si_folios_stripped": 79,
 "w1_sentence_binding": {
  "needle": "pdf:p14:b9-p14:b10",
  "full_sentence": "pdf:p14:b9-p14:b11"
 },
 "main_still_abstains": true,
 "a01_parse_unchanged": true,
 "pool_census_identical_to_r15_r16_r17": true,
 "w1_eligible": false,
 "w2_eligible": false,
 "anchors_ok": true,
 "double_run_byte_identical": true,
 "replay_sha256": "sha256_f5d816c71c0ab3d3c30b4a214f1e232ad15da84b39e261b52556c06ad4f276d5"
}
